// Jest Snapshot v1, https://goo.gl/fbAQLP

exports[`render Note List Screen 1`] = `[Function]`;
