// Jest Snapshot v1, https://goo.gl/fbAQLP

exports[`render Home Component 1`] = `[Function]`;
